// Jest Snapshot v1, https://goo.gl/fbAQLP

exports[`creating the snapshot of the compoenent correctly 1`] = `
<div
  style={
    Object {
      "display": "flex",
    }
  }
>
  <div
    style={
      Object {
        "flexGrow": 1,
      }
    }
  />
  <div>
    <div
      className="drawerConatiner_Parent"
      style={
        Object {
          "marginLeft": "auto",
        }
      }
    >
      <div
        className="appConatiner_DashboardConatiner"
      >
        <div
          className="appConatiner_drawer"
          style={Object {}}
        >
          <div
            className="i2cControl"
            onClick={[Function]}
          >
            <span
              aria-label="left"
              className="anticon anticon-left rightIcon"
              role="img"
            >
              <svg
                aria-hidden="true"
                data-icon="left"
                fill="currentColor"
                focusable="false"
                height="1em"
                viewBox="64 64 896 896"
                width="1em"
              >
                <path
                  d="M724 218.3V141c0-6.7-7.7-10.4-12.9-6.3L260.3 486.8a31.86 31.86 0 000 50.3l450.8 352.1c5.3 4.1 12.9.4 12.9-6.3v-77.3c0-4.9-2.3-9.6-6.1-12.6l-360-281 360-281.1c3.8-3 6.1-7.7 6.1-12.6z"
                />
              </svg>
            </span>
            <span
              className="i2cLabel"
            >
              <p
                className=""
              >
                I2C
              </p>
            </span>
          </div>
        </div>
        <div
          className="appConatiner_drawer faults_expanded"
        >
          <div
            className="faultsControl"
            onClick={[Function]}
            style={Object {}}
          >
            <span
              aria-label="left"
              className="anticon anticon-left rightIcon"
              role="img"
            >
              <svg
                aria-hidden="true"
                data-icon="left"
                fill="currentColor"
                focusable="false"
                height="1em"
                viewBox="64 64 896 896"
                width="1em"
              >
                <path
                  d="M724 218.3V141c0-6.7-7.7-10.4-12.9-6.3L260.3 486.8a31.86 31.86 0 000 50.3l450.8 352.1c5.3 4.1 12.9.4 12.9-6.3v-77.3c0-4.9-2.3-9.6-6.1-12.6l-360-281 360-281.1c3.8-3 6.1-7.7 6.1-12.6z"
                />
              </svg>
            </span>
            <span
              className="faultsLabel"
            >
              <p
                className=""
              >
                Faults
              </p>
              <div
                className="smallCircle greenColor expandedGreen"
              />
            </span>
          </div>
        </div>
      </div>
    </div>
  </div>
</div>
`;
