// Jest Snapshot v1, https://goo.gl/fbAQLP

exports[`creating the snapshot of the compoenent correctly 1`] = `
<div
  className="ant-card conatinerCard css-dev-only-do-not-override-1n7nwfa"
  style={
    Object {
      "width": 300,
    }
  }
>
  <div
    className="ant-card-body"
    style={Object {}}
  >
    <div>
      <div
        className="MuiFormControl-root MuiFormControl-fullWidth css-q8hpuo-MuiFormControl-root"
      >
        <label
          className="MuiFormLabel-root MuiInputLabel-root MuiInputLabel-formControl MuiInputLabel-animated MuiInputLabel-shrink MuiInputLabel-outlined MuiFormLabel-colorPrimary MuiFormLabel-filled MuiInputLabel-root MuiInputLabel-formControl MuiInputLabel-animated MuiInputLabel-shrink MuiInputLabel-outlined css-1sumxir-MuiFormLabel-root-MuiInputLabel-root"
          data-shrink={true}
          id="selectlabelCommon"
        >
          Select Device*
        </label>
        <div
          className="MuiInputBase-root MuiOutlinedInput-root MuiInputBase-colorPrimary MuiInputBase-formControl  css-4gwozz-MuiInputBase-root-MuiOutlinedInput-root-MuiSelect-root"
          onClick={[Function]}
        >
          <div
            aria-expanded="false"
            aria-haspopup="listbox"
            aria-labelledby="selectlabelCommon demo-simple-select"
            className="MuiSelect-select MuiSelect-outlined MuiInputBase-input MuiOutlinedInput-input css-11u53oe-MuiSelect-select-MuiInputBase-input-MuiOutlinedInput-input"
            id="demo-simple-select"
            onBlur={[Function]}
            onFocus={[Function]}
            onKeyDown={[Function]}
            onMouseDown={[Function]}
            role="button"
            tabIndex={0}
          >
            Select Your Device
          </div>
          <input
            aria-hidden={true}
            className="MuiSelect-nativeInput css-yf8vq0-MuiSelect-nativeInput"
            disabled={false}
            onAnimationStart={[Function]}
            onChange={[Function]}
            required={false}
            tabIndex={-1}
            value="Select Your Device"
          />
          <svg
            aria-hidden={true}
            className="MuiSvgIcon-root MuiSvgIcon-fontSizeMedium MuiSelect-icon MuiSelect-iconOutlined css-hfutr2-MuiSvgIcon-root-MuiSelect-icon"
            data-testid="ArrowDropDownIcon"
            focusable="false"
            viewBox="0 0 24 24"
          >
            <path
              d="M7 10l5 5 5-5z"
            />
          </svg>
          <fieldset
            aria-hidden={true}
            className="MuiOutlinedInput-notchedOutline css-1d3z3hw-MuiOutlinedInput-notchedOutline"
          >
            <legend
              className="css-14lo706"
            >
              <span>
                Select Device*
              </span>
            </legend>
          </fieldset>
        </div>
      </div>
    </div>
    <div>
      <div
        className="deatiles"
      >
        <span
          className="ColorContainer"
          style={
            Object {
              "background": "#40C36C",
            }
          }
        />
        <span
          className="numberText"
        >
          MCF8316EVM
        </span>
      </div>
      <p
        className="GuiSupport"
      >
        This GUI supports MCF8316EVM
      </p>
      <p
        className="GuiSupport"
        style={
          Object {
            "fontSize": "12px",
            "opacity": "0.8",
          }
        }
      >
        Correct device detected : MCF8316A
      </p>
    </div>
    <button
      className="ant-btn css-dev-only-do-not-override-1n7nwfa ant-btn-default lightRed btn"
      disabled={false}
      onClick={[Function]}
      style={
        Object {
          "opacity": "0.5",
        }
      }
      type="button"
    >
      <span>
        Select Device
      </span>
    </button>
  </div>
</div>
`;
