// Jest Snapshot v1, https://goo.gl/fbAQLP

exports[`creating the snapshot of the compoenent correctly 1`] = `
<div
  className="dashboard"
>
  <div
    className="ConatinersIconsTitle"
  >
    <div>
      <div
        className="ant-card conatinerCard css-dev-only-do-not-override-1n7nwfa"
        style={
          Object {
            "width": 300,
          }
        }
      >
        <div
          className="ant-card-body"
          style={Object {}}
        >
          <div>
            <div
              className="MuiFormControl-root MuiFormControl-fullWidth css-q8hpuo-MuiFormControl-root"
            >
              <label
                className="MuiFormLabel-root MuiInputLabel-root MuiInputLabel-formControl MuiInputLabel-animated MuiInputLabel-shrink MuiInputLabel-outlined MuiFormLabel-colorPrimary MuiFormLabel-filled MuiInputLabel-root MuiInputLabel-formControl MuiInputLabel-animated MuiInputLabel-shrink MuiInputLabel-outlined css-1sumxir-MuiFormLabel-root-MuiInputLabel-root"
                data-shrink={true}
                id="selectlabelCommon"
              >
                Select Device*
              </label>
              <div
                className="MuiInputBase-root MuiOutlinedInput-root MuiInputBase-colorPrimary MuiInputBase-formControl  css-4gwozz-MuiInputBase-root-MuiOutlinedInput-root-MuiSelect-root"
                onClick={[Function]}
              >
                <div
                  aria-expanded="false"
                  aria-haspopup="listbox"
                  aria-labelledby="selectlabelCommon demo-simple-select"
                  className="MuiSelect-select MuiSelect-outlined MuiInputBase-input MuiOutlinedInput-input css-11u53oe-MuiSelect-select-MuiInputBase-input-MuiOutlinedInput-input"
                  id="demo-simple-select"
                  onBlur={[Function]}
                  onFocus={[Function]}
                  onKeyDown={[Function]}
                  onMouseDown={[Function]}
                  role="button"
                  tabIndex={0}
                >
                  Select Your Device
                </div>
                <input
                  aria-hidden={true}
                  className="MuiSelect-nativeInput css-yf8vq0-MuiSelect-nativeInput"
                  disabled={false}
                  onAnimationStart={[Function]}
                  onChange={[Function]}
                  required={false}
                  tabIndex={-1}
                  value="Select Your Device"
                />
                <svg
                  aria-hidden={true}
                  className="MuiSvgIcon-root MuiSvgIcon-fontSizeMedium MuiSelect-icon MuiSelect-iconOutlined css-hfutr2-MuiSvgIcon-root-MuiSelect-icon"
                  data-testid="ArrowDropDownIcon"
                  focusable="false"
                  viewBox="0 0 24 24"
                >
                  <path
                    d="M7 10l5 5 5-5z"
                  />
                </svg>
                <fieldset
                  aria-hidden={true}
                  className="MuiOutlinedInput-notchedOutline css-1d3z3hw-MuiOutlinedInput-notchedOutline"
                >
                  <legend
                    className="css-14lo706"
                  >
                    <span>
                      Select Device*
                    </span>
                  </legend>
                </fieldset>
              </div>
            </div>
          </div>
          <div>
            <div
              className="deatiles"
            >
              <span
                className="ColorContainer"
                style={
                  Object {
                    "background": "#cc0000",
                  }
                }
              />
              <span
                className="numberText"
              >
                MCF8316EVM
              </span>
            </div>
            <p
              className="GuiSupport"
            >
              This GUI supports MCF8316EVM
            </p>
            <p
              className="GuiSupport"
              style={
                Object {
                  "fontSize": "12px",
                  "opacity": "0.8",
                }
              }
            />
          </div>
          <button
            className="ant-btn css-dev-only-do-not-override-1n7nwfa ant-btn-default lightRed btn"
            disabled={false}
            onClick={[Function]}
            style={
              Object {
                "opacity": "1",
              }
            }
            type="button"
          >
            <span>
              Select Device
            </span>
          </button>
        </div>
      </div>
    </div>
    <div
      className="cardsRigghtContainer"
    >
      <div
        className="ant-card conatinerCardImage css-dev-only-do-not-override-1n7nwfa"
        onClick={[Function]}
        style={
          Object {
            "width": 300,
          }
        }
      >
        <div
          className="ant-card-body"
          style={Object {}}
        >
          <div
            className="rightConatinesIcons"
          >
            <div
              className="GetImages"
            >
              <img
                className="ellipse_image"
                src="Ellipse.png"
              />
              <div
                className="GetImages_child"
              >
                <img
                  alt="image_inner"
                  className="image_inner"
                  src="cardImage_1.png"
                />
                 
              </div>
            </div>
          </div>
          <div
            className="titleRightConatiner"
          >
            Users's Guide
          </div>
        </div>
      </div>
      <div
        className="ant-card conatinerCardImage css-dev-only-do-not-override-1n7nwfa"
        onClick={[Function]}
        style={
          Object {
            "width": 300,
          }
        }
      >
        <div
          className="ant-card-body"
          style={Object {}}
        >
          <div
            className="rightConatinesIcons"
          >
            <div
              className="GetImages"
            >
              <img
                className="ellipse_image"
                src="Ellipse.png"
              />
              <div
                className="GetImages_child"
              >
                <img
                  alt="image_inner"
                  className="image_inner"
                  src="cardImage_2.png"
                />
                 
              </div>
            </div>
          </div>
          <div
            className="titleRightConatiner"
          >
            Product Page
          </div>
        </div>
      </div>
      <div
        className="ant-card conatinerCardImage css-dev-only-do-not-override-1n7nwfa"
        onClick={[Function]}
        style={
          Object {
            "width": 300,
          }
        }
      >
        <div
          className="ant-card-body"
          style={Object {}}
        >
          <div
            className="rightConatinesIcons"
          >
            <div
              className="GetImages"
            >
              <img
                className="ellipse_image"
                src="Ellipse.png"
              />
              <div
                className="GetImages_child"
              >
                <img
                  alt="image_inner"
                  className="image_inner"
                  src="cardImage_3.png"
                />
                 
              </div>
            </div>
          </div>
          <div
            className="titleRightConatiner"
          >
            Data Sheet
          </div>
        </div>
      </div>
      <div
        className="ant-card conatinerCardImage css-dev-only-do-not-override-1n7nwfa"
        onClick={[Function]}
        style={
          Object {
            "width": 300,
          }
        }
      >
        <div
          className="ant-card-body"
          style={Object {}}
        >
          <div
            className="rightConatinesIcons"
          >
            <div
              className="GetImages"
            >
              <img
                className="ellipse_image"
                src="Ellipse.png"
              />
              <div
                className="GetImages_child"
              >
                <img
                  alt="image_inner"
                  className="image_inner"
                  src="cardImage_4.png"
                />
                 
              </div>
            </div>
          </div>
          <div
            className="titleRightConatiner"
          >
            Tuning Page
          </div>
        </div>
      </div>
      <div
        className="ant-card conatinerCardImage css-dev-only-do-not-override-1n7nwfa"
        onClick={[Function]}
        style={
          Object {
            "width": 300,
          }
        }
      >
        <div
          className="ant-card-body"
          style={Object {}}
        >
          <div
            className="rightConatinesIcons"
          >
            <div
              className="GetImages"
            >
              <img
                className="ellipse_image"
                src="Ellipse.png"
              />
              <div
                className="GetImages_child"
              >
                <img
                  alt="image_inner"
                  className="image_inner"
                  src="cardImage_5.png"
                />
                 
              </div>
            </div>
          </div>
          <div
            className="titleRightConatiner"
          >
            Tools Page
          </div>
        </div>
      </div>
      <div
        className="ant-card conatinerCardImage css-dev-only-do-not-override-1n7nwfa"
        onClick={[Function]}
        style={
          Object {
            "width": 300,
          }
        }
      >
        <div
          className="ant-card-body"
          style={Object {}}
        >
          <div
            className="rightConatinesIcons"
          >
            <div
              className="GetImages"
            >
              <img
                className="ellipse_image"
                src="Ellipse.png"
              />
              <div
                className="GetImages_child"
              >
                <img
                  alt="image_inner"
                  className="image_inner"
                  src="cardImage_6.png"
                />
                 
              </div>
            </div>
          </div>
          <div
            className="titleRightConatiner"
          >
            E2E testing
          </div>
        </div>
      </div>
    </div>
  </div>
  <div
    className="knowYourDevice"
  >
    <div
      className="knowYourDevice_head"
    >
      <h1>
        Know Your Device
      </h1>
    </div>
    <div
      className="knowYourDevice_context"
    >
      <div
        className="imageKnowContainer"
      >
        <img
          alt="Assests"
          src="DashboardImageCircut.png"
        />
      </div>
        
      <div>
        <p>
          The MCF8316A is a 4.5-V to 35-V, 8-A peak integrated three-phase gate driver IC with sensorless field-oriented control for motor drive applications. It provides three accurately trimmed and temperature compensated halfbridge MOSFETS, gate drivers, charge pump, current sense amplifier, linear regulator for the external load and adjustable buck regulator. The I2C interface variant (MCF8316A) also provides a standard I2C interface for configuring the various device settings and reading fault diagnostic information through an external controller.
        </p>
      </div>
    </div>
  </div>
</div>
`;
